
> cropaid@0.0.0 test
> vitest --run


[1m[46m RUN [49m[22m [36mv4.0.18 [39m[90mC:/Users/krish/Downloads/SWE4.0/frontend/SWE_AI_CROP[39m

[90mstdout[2m | src/services/cropAdviceService.test.js[2m > [22m[2mcropAdviceService - Basic Structure[2m > [22m[2mshould validate service functions exist
[22m[39mCropAdviceService initialized with API: https://swe-ai-crop-back.onrender.com

 [32mΓ£ô[39m src/basic.test.js [2m([22m[2m3 tests[22m[2m)[22m[32m 7[2mms[22m[39m
 [32mΓ£ô[39m src/services/cropAdviceService.test.js [2m([22m[2m4 tests[22m[2m)[22m[32m 67[2mms[22m[39m
[90mstdout[2m | src/services/preferencesService.test.js
[22m[39mDevelopment mode detected. Run runPreferencesTests() to test preferences.

 [31mΓ¥»[39m src/services/preferencesService.test.js [2m([22m[2m0 test[22m[2m)[22m
npm : [90mstderr[2m | src/
components/HomePage.test.jsx
[2m > [22m[2mHomePage 
Component - Basic Tests[2m 
> [22m[2mshould render 
without crashing
At line:1 char:1
+ npm test -- --run 2>&1 | 
Tee-Object -FilePath 
test-output.txt
+ ~~~~~~~~~~~~~~~~~~~~~~
    + CategoryInfo          
    : NotSpecified: ([90m  
  stderr[2m...ithout cra   
 shing:String) [], Remot    
eException
    + FullyQualifiedErrorId 
    : NativeCommandError
 
[22m[39mReceived `true` 
for a non-boolean attribute 
`jsx`.

If you want to write it to 
the DOM, pass a string 
instead: jsx="true" or 
jsx={value.toString()}.

 [31mΓ¥»[39m src/components/HomePage.test.jsx [2m([22m[2m2 tests[22m[2m | [22m[31m2 failed[39m[2m)[22m[32m 106[2mms[22m[39m
[31m     [31m├ù[31m should render without crashing[39m[32m 71[2mms[22m[39m
[31m     [31m├ù[31m should have a landing container[39m[32m 33[2mms[22m[39m

[31mΓÄ»ΓÄ»ΓÄ»ΓÄ»ΓÄ»ΓÄ»[39m
[1m[41m Failed Suites 1 [
49m[22m[31mΓÄ»ΓÄ»ΓÄ»ΓÄ»ΓÄ»
ΓÄ»ΓÄ»[39m

[41m[1m FAIL [22m[49m sr
c/services/preferencesServic
e.test.js[2m [ src/services
/preferencesService.test.js 
][22m
[31m[1mError[22m: No 
test suite found in file C:/
Users/krish/Downloads/SWE4.0
/frontend/SWE_AI_CROP/src/se
rvices/preferencesService.te
st.js[39m
[31m[2mΓÄ»ΓÄ»ΓÄ»ΓÄ»ΓÄ»ΓÄ»Γ
Ä»ΓÄ»ΓÄ»ΓÄ»ΓÄ»ΓÄ»ΓÄ»ΓÄ»ΓÄ»ΓÄ
»ΓÄ»ΓÄ»ΓÄ»ΓÄ»ΓÄ»ΓÄ»ΓÄ»ΓÄ»[1/
3]ΓÄ»[22m[39m


[31mΓÄ»ΓÄ»ΓÄ»ΓÄ»ΓÄ»ΓÄ»ΓÄ»[
39m[1m[41m Failed Tests 2 
[49m[22m[31mΓÄ»ΓÄ»ΓÄ»ΓÄ»Γ
Ä»ΓÄ»ΓÄ»[39m

[41m[1m FAIL [22m[49m sr
c/components/HomePage.test.j
sx[2m > [22mHomePage 
Component - Basic Tests[2m 
> [22mshould render 
without crashing
[41m[1m FAIL [22m[49m sr
c/components/HomePage.test.j
sx[2m > [22mHomePage 
Component - Basic Tests[2m 
> [22mshould have a 
landing container
[31m[1mTypeError[22m: 
Cannot set properties of 
null (setting 
'fillStyle')[39m
[36m [2mΓ¥»[22m animate s
rc/components/HomePage.jsx:
[2m150:11[22m[39m
    [90m148| [39m      // 
Apply semi-transparent dark 
overlay (creates motion 
trail effΓÇª
    [90m149| [39m      // 
Low alpha (0.1) creates 
longer trails, high alpha 
creates shaΓÇª
    [90m150| [39m      
ctx[33m.[39mfillStyle 
[33m=[39m [32m'rgba(5, 
10, 5, 0.1)'[39m[33m;[39m
    [90m   | [39m         
 [31m^[39m
    [90m151| [39m      ctx
[33m.[39m[34mfillRect[39
m([34m0[39m[33m,[39m 
[34m0[39m[33m,[39m canva
s[33m.[39mwidth[33m,[39m
 canvas[33m.[39mheight)[3
3m;[39m
    [90m152| [39m
[90m [2mΓ¥»[22m src/compo
nents/HomePage.jsx:[2m164:5
[22m[39m
[90m [2mΓ¥»[22m Object.re
act_stack_bottom_frame node_
modules/react-dom/cjs/react-
dom-client.development.js:[
2m25989:20[22m[39m
[90m [2mΓ¥»[22m 
runWithFiberInDEV node_modul
es/react-dom/cjs/react-dom-c
lient.development.js:[2m874
:13[22m[39m
[90m [2mΓ¥»[22m 
commitHookEffectListMount no
de_modules/react-dom/cjs/rea
ct-dom-client.development.js
:[2m13249:29[22m[39m
[90m [2mΓ¥»[22m commitHoo
kPassiveMountEffects node_mo
dules/react-dom/cjs/react-do
m-client.development.js:[2m
13336:11[22m[39m
[90m [2mΓ¥»[22m 
commitPassiveMountOnFiber no
de_modules/react-dom/cjs/rea
ct-dom-client.development.js
:[2m15484:13[22m[39m
[90m [2mΓ¥»[22m recursive
lyTraversePassiveMountEffect
s node_modules/react-dom/cjs
/react-dom-client.developmen
t.js:[2m15439:11[22m[39m
[90m [2mΓ¥»[22m 
commitPassiveMountOnFiber no
de_modules/react-dom/cjs/rea
ct-dom-client.development.js
:[2m15718:11[22m[39m
[90m [2mΓ¥»[22m recursive
lyTraversePassiveMountEffect
s node_modules/react-dom/cjs
/react-dom-client.developmen
t.js:[2m15439:11[22m[39m

[31m[2mΓÄ»ΓÄ»ΓÄ»ΓÄ»ΓÄ»ΓÄ»Γ
Ä»ΓÄ»ΓÄ»ΓÄ»ΓÄ»ΓÄ»ΓÄ»ΓÄ»ΓÄ»ΓÄ
»ΓÄ»ΓÄ»ΓÄ»ΓÄ»ΓÄ»ΓÄ»ΓÄ»ΓÄ»[2/
3]ΓÄ»[22m[39m


[2m Test Files [22m [1m[31m2 failed[39m[22m[2m | [22m[1m[32m2 passed[39m[22m[90m (4)[39m
[2m      Tests [22m [1m[31m2 failed[39m[22m[2m | [22m[1m[32m7 passed[39m[22m[90m (9)[39m
[2m   Start at [22m 20:39:20
[2m   Duration [22m 1.73s[2m (transform 436ms, setup 1.44s, import 434ms, tests 180ms, environment 2.70s)[22m

